V3 23
FL /home/student2/r7ray/COE758/cache_contorller_project/cacheContorller.vhd 2025/10/21.12:21:39 O.87xd
EN work/cacheContorller 1761235298 \
      FL /home/student2/r7ray/COE758/cache_contorller_project/cacheContorller.vhd \
      PB ieee/std_logic_1164 1325952872 PB ieee/NUMERIC_STD 1325952877
AR work/cacheContorller/Behavioral 1761235299 \
      FL /home/student2/r7ray/COE758/cache_contorller_project/cacheContorller.vhd \
      EN work/cacheContorller 1761235298 CP Cpu_gen CP SDRAM_Controller \
      CP SRAM_SDRAM CP icon CP ila
FL /home/student2/r7ray/COE758/cache_contorller_project/CPU_gen.vhd 2025/10/14.23:29:32 O.87xd
EN work/CPU_gen 1761235288 \
      FL /home/student2/r7ray/COE758/cache_contorller_project/CPU_gen.vhd \
      PB ieee/std_logic_1164 1325952872 PB ieee/std_logic_arith 1325952873 \
      PB ieee/STD_LOGIC_UNSIGNED 1325952875
AR work/CPU_gen/Behavioral 1761235289 \
      FL /home/student2/r7ray/COE758/cache_contorller_project/CPU_gen.vhd \
      EN work/CPU_gen 1761235288
FL /home/student2/r7ray/COE758/cache_contorller_project/ipcore_dir/icon.vhd 2025/10/14.23:38:38 O.87xd
EN work/icon 1761235294 \
      FL /home/student2/r7ray/COE758/cache_contorller_project/ipcore_dir/icon.vhd \
      PB ieee/std_logic_1164 1325952872
AR work/icon/icon_a 1761235295 \
      FL /home/student2/r7ray/COE758/cache_contorller_project/ipcore_dir/icon.vhd \
      EN work/icon 1761235294
FL /home/student2/r7ray/COE758/cache_contorller_project/ipcore_dir/ila.vhd 2025/10/21.12:03:50 O.87xd
EN work/ila 1761235296 \
      FL /home/student2/r7ray/COE758/cache_contorller_project/ipcore_dir/ila.vhd \
      PB ieee/std_logic_1164 1325952872
AR work/ila/ila_a 1761235297 \
      FL /home/student2/r7ray/COE758/cache_contorller_project/ipcore_dir/ila.vhd \
      EN work/ila 1761235296
FL /home/student2/r7ray/COE758/cache_contorller_project/ipcore_dir/SRAM_SDRAM.vhd 2025/10/14.23:50:50 O.87xd
EN work/SRAM_SDRAM 1761235292 \
      FL /home/student2/r7ray/COE758/cache_contorller_project/ipcore_dir/SRAM_SDRAM.vhd \
      PB ieee/std_logic_1164 1325952872
AR work/SRAM_SDRAM/SRAM_SDRAM_a 1761235293 \
      FL /home/student2/r7ray/COE758/cache_contorller_project/ipcore_dir/SRAM_SDRAM.vhd \
      EN work/SRAM_SDRAM 1761235292
FL /home/student2/r7ray/COE758/cache_contorller_project/SDRAM_Controller.vhd 2025/10/15.13:57:54 O.87xd
EN work/SDRAM_Controller 1761235290 \
      FL /home/student2/r7ray/COE758/cache_contorller_project/SDRAM_Controller.vhd \
      PB ieee/std_logic_1164 1325952872 PB ieee/NUMERIC_STD 1325952877
AR work/SDRAM_Controller/Behavioral 1761235291 \
      FL /home/student2/r7ray/COE758/cache_contorller_project/SDRAM_Controller.vhd \
      EN work/SDRAM_Controller 1761235290
